// Vitest Snapshot v1, https://vitest.dev/guide/snapshot.html

exports[`compile-code plugin > works on compile file 1`] = `
"Some snippets

test.md

this is imported.

Missing 



More snippets
"
`;

exports[`compile-code plugin works on compile file 1`] = `
"Some snippets

test.md

this is imported.

Missing 



More snippets
"
`;
