// Vitest Snapshot v1, https://vitest.dev/guide/snapshot.html

exports[`compile-code plugin > works on compile file 1`] = `
"import Dot from '@theme/Dot';

Some snippets

<Dot lang={\\"dot\\"} meta={{}} value={\\"foo\\"} />

<Dot lang={\\"dot\\"} meta={{\\"meta\\":true,\\"meta1\\":0,\\"meta2\\":\\"hello\\",\\"metaf\\":false,\\"metat\\":true}} value={\\"foo\\"} />
"
`;
